// Jest Snapshot v1, https://goo.gl/fbAQLP

exports[`FormLogin should render the Login Component correctly 1`] = `
<ContextConsumer>
  <Component />
</ContextConsumer>
`;
